Copyright 1986-2022 Xilinx, Inc. All Rights Reserved. Copyright 2022-2026 Advanced Micro Devices, Inc. All Rights Reserved.
--------------------------------------------------------------------------------------------------------------------------------------------------------------------------------------------------------------------------------------------
| Tool Version : Vivado v.2026.1 (win64) Build 6511674 Tue Jun 16 11:02:23 MDT 2026
| Date         : Tue Sep 29 14:45:36 2026
| Host         : LAPTOP-26AT71B1 running 64-bit major release  (build 9200)
| Command      : report_timing -to [get_cells -hier -filter {NAME =~ u_dut2/* && IS_SEQUENTIAL}] -max_paths 1 -file {C:/Users/Aditya Garg/OneDrive/Documents/btp_repo_claude_code/repo/vc709/eeg/reports/gui_impl_150MHz/timing_u_dut2.rpt}
| Design       : eeg_hil_top
| Device       : 7vx690t-ffg1761
| Speed File   : -2  PRODUCTION 1.11 2014-09-11
| Design State : Routed
--------------------------------------------------------------------------------------------------------------------------------------------------------------------------------------------------------------------------------------------

Timing Report

Slack (MET) :             2.738ns  (required time - arrival time)
  Source:                 u_dut2/M3/pp_r_reg[1][2]/C
                            (rising edge-triggered cell FDRE clocked by g_mmcm.clk_mmcm  {rise@0.000ns fall@3.333ns period=6.667ns})
  Destination:            u_dut2/p3_r_reg[14]/D
                            (rising edge-triggered cell FDRE clocked by g_mmcm.clk_mmcm  {rise@0.000ns fall@3.333ns period=6.667ns})
  Path Group:             g_mmcm.clk_mmcm
  Path Type:              Setup (Max at Slow Process Corner)
  Requirement:            6.667ns  (g_mmcm.clk_mmcm rise@6.667ns - g_mmcm.clk_mmcm rise@0.000ns)
  Data Path Delay:        3.793ns  (logic 0.723ns (19.063%)  route 3.070ns (80.937%))
  Logic Levels:           6  (LUT2=1 LUT4=2 LUT5=2 LUT6=1)
  Clock Path Skew:        -0.054ns (DCD - SCD + CPR)
    Destination Clock Delay (DCD):    4.974ns = ( 11.641 - 6.667 ) 
    Source Clock Delay      (SCD):    5.498ns
    Clock Pessimism Removal (CPR):    0.470ns
  Clock Uncertainty:      0.060ns  ((TSJ^2 + DJ^2)^1/2) / 2 + PE
    Total System Jitter     (TSJ):    0.071ns
    Discrete Jitter          (DJ):    0.098ns
    Phase Error              (PE):    0.000ns

    Location             Delay type                Incr(ns)  Path(ns)    Netlist Resource(s)
  -------------------------------------------------------------------    -------------------
                         (clock g_mmcm.clk_mmcm rise edge)
                                                      0.000     0.000 r  <hidden>
    H19                                               0.000     0.000 r  SYSCLK_P
                         net (fo=0)                   0.000     0.000    SYSCLK_P
    H19                  IBUFDS (Prop_ibufds_I_O)     0.823     0.823 r  u_ibuf/O
                         net (fo=1, routed)           1.081     1.904    clk_ibuf
    MMCME2_ADV_X1Y8      MMCME2_ADV (Prop_mmcme2_adv_CLKIN1_CLKOUT0)
                                                      0.077     1.981 r  g_mmcm.u_mmcm/CLKOUT0
                         net (fo=1, routed)           2.174     4.155    g_mmcm.clk_mmcm
    BUFGCTRL_X0Y16       BUFG (Prop_bufg_I_O)         0.093     4.248 r  g_mmcm.u_bufg/O
                         net (fo=3263, routed)        1.250     5.498    u_dut2/M3/clk
    SLICE_X96Y241        FDRE                                         r  u_dut2/M3/pp_r_reg[1][2]/C
  -------------------------------------------------------------------    -------------------
    SLICE_X96Y241        FDRE (Prop_fdre_C_Q)         0.259     5.757 f  u_dut2/M3/pp_r_reg[1][2]/Q
                         net (fo=22, routed)          0.647     6.405    u_dut2/M3/D[0]
    SLICE_X100Y241       LUT5 (Prop_lut5_I0_O)        0.051     6.456 r  u_dut2/M3/p3_r[9]_i_7/O
                         net (fo=3, routed)           0.641     7.096    u_dut2/M3/p3_r[9]_i_7_n_0
    SLICE_X105Y243       LUT5 (Prop_lut5_I2_O)        0.138     7.234 r  u_dut2/M3/p3_r[16]_i_28/O
                         net (fo=2, routed)           0.193     7.427    u_dut2/M3/p3_r[16]_i_28_n_0
    SLICE_X103Y243       LUT6 (Prop_lut6_I5_O)        0.043     7.470 r  u_dut2/M3/p3_r[16]_i_9/O
                         net (fo=3, routed)           0.455     7.925    u_dut2/M3/p3_r[16]_i_9_n_0
    SLICE_X101Y244       LUT4 (Prop_lut4_I0_O)        0.043     7.968 r  u_dut2/M3/p3_r[13]_i_4/O
                         net (fo=3, routed)           0.458     8.426    u_dut2/M3/p3_r[13]_i_4_n_0
    SLICE_X100Y243       LUT2 (Prop_lut2_I0_O)        0.051     8.477 r  u_dut2/M3/p3_r[16]_i_5/O
                         net (fo=2, routed)           0.483     8.960    u_dut2/M3/p3_r[16]_i_5_n_0
    SLICE_X100Y243       LUT4 (Prop_lut4_I1_O)        0.138     9.098 r  u_dut2/M3/p3_r[14]_i_1/O
                         net (fo=1, routed)           0.193     9.291    u_dut2/m3[14]
    SLICE_X99Y244        FDRE                                         r  u_dut2/p3_r_reg[14]/D
  -------------------------------------------------------------------    -------------------

                         (clock g_mmcm.clk_mmcm rise edge)
                                                      6.667     6.667 r  <hidden>
    H19                                               0.000     6.667 r  SYSCLK_P
                         net (fo=0)                   0.000     6.667    SYSCLK_P
    H19                  IBUFDS (Prop_ibufds_I_O)     0.727     7.394 r  u_ibuf/O
                         net (fo=1, routed)           0.986     8.380    clk_ibuf
    MMCME2_ADV_X1Y8      MMCME2_ADV (Prop_mmcme2_adv_CLKIN1_CLKOUT0)
                                                      0.073     8.453 r  g_mmcm.u_mmcm/CLKOUT0
                         net (fo=1, routed)           1.995    10.448    g_mmcm.clk_mmcm
    BUFGCTRL_X0Y16       BUFG (Prop_bufg_I_O)         0.083    10.531 r  g_mmcm.u_bufg/O
                         net (fo=3263, routed)        1.110    11.641    u_dut2/clk
    SLICE_X99Y244        FDRE                                         r  u_dut2/p3_r_reg[14]/C
                         clock pessimism              0.470    12.111    <hidden>
                         clock uncertainty           -0.060    12.051    <hidden>
    SLICE_X99Y244        FDRE (Setup_fdre_C_D)       -0.022    12.029    u_dut2/p3_r_reg[14]
  -------------------------------------------------------------------
                         required time                         12.029    <hidden>
                         arrival time                          -9.291    <hidden>
  -------------------------------------------------------------------
                         slack                                  2.738    <hidden>




