Copyright 1986-2022 Xilinx, Inc. All Rights Reserved. Copyright 2022-2026 Advanced Micro Devices, Inc. All Rights Reserved.
--------------------------------------------------------------------------------------------------------------------------------------------------------------------------------------------------------------------------------------------
| Tool Version : Vivado v.2026.1 (win64) Build 6511674 Tue Jun 16 11:02:23 MDT 2026
| Date         : Tue Sep 29 13:34:25 2026
| Host         : LAPTOP-26AT71B1 running 64-bit major release  (build 9200)
| Command      : report_timing -to [get_cells -hier -filter {NAME =~ u_dut2/* && IS_SEQUENTIAL}] -max_paths 1 -file {C:/Users/Aditya Garg/OneDrive/Documents/btp_repo_claude_code/repo/vc709/eeg/reports/gui_impl_200MHz/timing_u_dut2.rpt}
| Design       : eeg_hil_top
| Device       : 7vx690t-ffg1761
| Speed File   : -2  PRODUCTION 1.11 2014-09-11
| Design State : Routed
--------------------------------------------------------------------------------------------------------------------------------------------------------------------------------------------------------------------------------------------

Timing Report

Slack (MET) :             1.187ns  (required time - arrival time)
  Source:                 x_q2_reg[1]/C
                            (rising edge-triggered cell FDRE clocked by sys_clk  {rise@0.000ns fall@2.500ns period=5.000ns})
  Destination:            u_dut2/d_reg[0][1]/D
                            (rising edge-triggered cell FDRE clocked by sys_clk  {rise@0.000ns fall@2.500ns period=5.000ns})
  Path Group:             sys_clk
  Path Type:              Setup (Max at Slow Process Corner)
  Requirement:            5.000ns  (sys_clk rise@5.000ns - sys_clk rise@0.000ns)
  Data Path Delay:        3.415ns  (logic 0.259ns (7.584%)  route 3.156ns (92.416%))
  Logic Levels:           0  
  Clock Path Skew:        -0.360ns (DCD - SCD + CPR)
    Destination Clock Delay (DCD):    4.079ns = ( 9.079 - 5.000 ) 
    Source Clock Delay      (SCD):    4.725ns
    Clock Pessimism Removal (CPR):    0.286ns
  Clock Uncertainty:      0.035ns  ((TSJ^2 + TIJ^2)^1/2 + DJ) / 2 + PE
    Total System Jitter     (TSJ):    0.071ns
    Total Input Jitter      (TIJ):    0.000ns
    Discrete Jitter          (DJ):    0.000ns
    Phase Error              (PE):    0.000ns

    Location             Delay type                Incr(ns)  Path(ns)    Netlist Resource(s)
  -------------------------------------------------------------------    -------------------
                         (clock sys_clk rise edge)    0.000     0.000 r  <hidden>
    H19                                               0.000     0.000 r  SYSCLK_P
                         net (fo=0)                   0.000     0.000    SYSCLK_P
    H19                  IBUFDS (Prop_ibufds_I_O)     0.823     0.823 r  u_ibuf/O
                         net (fo=1, routed)           2.343     3.166    clk_ibuf
    BUFGCTRL_X0Y16       BUFG (Prop_bufg_I_O)         0.093     3.259 r  g_nommcm.u_bufg/O
                         net (fo=3600, routed)        1.466     4.725    clk
    SLICE_X130Y195       FDRE                                         r  x_q2_reg[1]/C
  -------------------------------------------------------------------    -------------------
    SLICE_X130Y195       FDRE (Prop_fdre_C_Q)         0.259     4.984 r  x_q2_reg[1]/Q
                         net (fo=4, routed)           3.156     8.141    u_dut2/x_in[1]
    SLICE_X62Y269        FDRE                                         r  u_dut2/d_reg[0][1]/D
  -------------------------------------------------------------------    -------------------

                         (clock sys_clk rise edge)    5.000     5.000 r  <hidden>
    H19                                               0.000     5.000 r  SYSCLK_P
                         net (fo=0)                   0.000     5.000    SYSCLK_P
    H19                  IBUFDS (Prop_ibufds_I_O)     0.727     5.727 r  u_ibuf/O
                         net (fo=1, routed)           2.163     7.890    clk_ibuf
    BUFGCTRL_X0Y16       BUFG (Prop_bufg_I_O)         0.083     7.973 r  g_nommcm.u_bufg/O
                         net (fo=3600, routed)        1.106     9.079    u_dut2/clk
    SLICE_X62Y269        FDRE                                         r  u_dut2/d_reg[0][1]/C
                         clock pessimism              0.286     9.365    <hidden>
                         clock uncertainty           -0.035     9.330    <hidden>
    SLICE_X62Y269        FDRE (Setup_fdre_C_D)       -0.002     9.328    u_dut2/d_reg[0][1]
  -------------------------------------------------------------------
                         required time                          9.328    <hidden>
                         arrival time                          -8.141    <hidden>
  -------------------------------------------------------------------
                         slack                                  1.187    <hidden>




