Copyright 1986-2022 Xilinx, Inc. All Rights Reserved. Copyright 2022-2026 Advanced Micro Devices, Inc. All Rights Reserved.
--------------------------------------------------------------------------------------------------------------------------------------------------------------------------------------------------------------------------------------------
| Tool Version : Vivado v.2026.1 (win64) Build 6511674 Tue Jun 16 11:02:23 MDT 2026
| Date         : Tue Sep 29 13:34:25 2026
| Host         : LAPTOP-26AT71B1 running 64-bit major release  (build 9200)
| Command      : report_timing -to [get_cells -hier -filter {NAME =~ u_dut1/* && IS_SEQUENTIAL}] -max_paths 1 -file {C:/Users/Aditya Garg/OneDrive/Documents/btp_repo_claude_code/repo/vc709/eeg/reports/gui_impl_200MHz/timing_u_dut1.rpt}
| Design       : eeg_hil_top
| Device       : 7vx690t-ffg1761
| Speed File   : -2  PRODUCTION 1.11 2014-09-11
| Design State : Routed
--------------------------------------------------------------------------------------------------------------------------------------------------------------------------------------------------------------------------------------------

Timing Report

Slack (VIOLATED) :        -1.194ns  (required time - arrival time)
  Source:                 u_dut1/d_reg[3][1]_replica/C
                            (rising edge-triggered cell FDRE clocked by sys_clk  {rise@0.000ns fall@2.500ns period=5.000ns})
  Destination:            u_dut1/y_out_reg[18]/D
                            (rising edge-triggered cell FDRE clocked by sys_clk  {rise@0.000ns fall@2.500ns period=5.000ns})
  Path Group:             sys_clk
  Path Type:              Setup (Max at Slow Process Corner)
  Requirement:            5.000ns  (sys_clk rise@5.000ns - sys_clk rise@0.000ns)
  Data Path Delay:        6.087ns  (logic 1.643ns (26.990%)  route 4.444ns (73.010%))
  Logic Levels:           15  (CARRY4=4 LUT1=1 LUT2=4 LUT5=1 LUT6=5)
  Clock Path Skew:        -0.105ns (DCD - SCD + CPR)
    Destination Clock Delay (DCD):    4.083ns = ( 9.083 - 5.000 ) 
    Source Clock Delay      (SCD):    4.567ns
    Clock Pessimism Removal (CPR):    0.379ns
  Clock Uncertainty:      0.035ns  ((TSJ^2 + TIJ^2)^1/2 + DJ) / 2 + PE
    Total System Jitter     (TSJ):    0.071ns
    Total Input Jitter      (TIJ):    0.000ns
    Discrete Jitter          (DJ):    0.000ns
    Phase Error              (PE):    0.000ns

    Location             Delay type                Incr(ns)  Path(ns)    Netlist Resource(s)
  -------------------------------------------------------------------    -------------------
                         (clock sys_clk rise edge)    0.000     0.000 r  <hidden>
    H19                                               0.000     0.000 r  SYSCLK_P
                         net (fo=0)                   0.000     0.000    SYSCLK_P
    H19                  IBUFDS (Prop_ibufds_I_O)     0.823     0.823 r  u_ibuf/O
                         net (fo=1, routed)           2.343     3.166    clk_ibuf
    BUFGCTRL_X0Y16       BUFG (Prop_bufg_I_O)         0.093     3.259 r  g_nommcm.u_bufg/O
                         net (fo=3600, routed)        1.308     4.567    u_dut1/clk
    SLICE_X59Y282        FDRE                                         r  u_dut1/d_reg[3][1]_replica/C
  -------------------------------------------------------------------    -------------------
    SLICE_X59Y282        FDRE (Prop_fdre_C_Q)         0.223     4.790 r  u_dut1/d_reg[3][1]_replica/Q
                         net (fo=2, routed)           0.326     5.117    u_dut1/d_reg[3][1]_repN
    SLICE_X57Y282        LUT2 (Prop_lut2_I0_O)        0.043     5.160 r  u_dut1/y_out[2]_i_12/O
                         net (fo=1, routed)           0.000     5.160    u_dut1/y_out[2]_i_12_n_0
    SLICE_X57Y282        CARRY4 (Prop_carry4_S[1]_CO[3])
                                                      0.267     5.427 r  u_dut1/y_out_reg[2]_i_3/CO[3]
                         net (fo=1, routed)           0.000     5.427    u_dut1/y_out_reg[2]_i_3_n_0
    SLICE_X57Y283        CARRY4 (Prop_carry4_CI_O[1])
                                                      0.166     5.593 f  u_dut1/y_out_reg[15]_i_18/O[1]
                         net (fo=7, routed)           0.363     5.956    u_dut1/pa3[5]
    SLICE_X58Y285        LUT1 (Prop_lut1_I0_O)        0.123     6.079 r  u_dut1/y_out[11]_i_77/O
                         net (fo=1, routed)           0.000     6.079    u_dut1/y_out[11]_i_77_n_0
    SLICE_X58Y285        CARRY4 (Prop_carry4_S[0]_CO[3])
                                                      0.246     6.325 r  u_dut1/y_out_reg[11]_i_43/CO[3]
                         net (fo=1, routed)           0.000     6.325    u_dut1/y_out_reg[11]_i_43_n_0
    SLICE_X58Y286        CARRY4 (Prop_carry4_CI_O[0])
                                                      0.108     6.433 r  u_dut1/y_out_reg[12]_i_16/O[0]
                         net (fo=7, routed)           0.396     6.828    u_dut1/M3/booth[0].sval0[10]
    SLICE_X56Y283        LUT2 (Prop_lut2_I0_O)        0.123     6.951 r  u_dut1/y_out[11]_i_58/O
                         net (fo=3, routed)           0.670     7.621    u_dut1/y_out[11]_i_58_n_0
    SLICE_X62Y281        LUT6 (Prop_lut6_I5_O)        0.043     7.664 r  u_dut1/y_out[11]_i_23/O
                         net (fo=3, routed)           0.441     8.105    u_dut1/y_out[11]_i_23_n_0
    SLICE_X60Y284        LUT2 (Prop_lut2_I0_O)        0.043     8.148 r  u_dut1/y_out[11]_i_21/O
                         net (fo=2, routed)           0.350     8.498    u_dut1/y_out[11]_i_21_n_0
    SLICE_X61Y284        LUT6 (Prop_lut6_I4_O)        0.043     8.541 f  u_dut1/y_out[11]_i_6/O
                         net (fo=7, routed)           0.436     8.977    u_dut1/m3[11]
    SLICE_X62Y284        LUT5 (Prop_lut5_I3_O)        0.043     9.020 r  u_dut1/y_out[15]_i_9/O
                         net (fo=12, routed)          0.360     9.380    u_dut1/y_out[15]_i_9_n_0
    SLICE_X62Y286        LUT6 (Prop_lut6_I4_O)        0.043     9.423 r  u_dut1/y_out[19]_i_9/O
                         net (fo=9, routed)           0.224     9.648    u_dut1/t1[15]
    SLICE_X62Y287        LUT2 (Prop_lut2_I1_O)        0.043     9.691 r  u_dut1/y_out[15]_i_5/O
                         net (fo=3, routed)           0.560    10.251    u_dut1/y_out[15]_i_5_n_0
    SLICE_X64Y286        LUT6 (Prop_lut6_I2_O)        0.043    10.294 r  u_dut1/y_out[18]_i_4/O
                         net (fo=1, routed)           0.318    10.612    u_dut1/y_out[18]_i_4_n_0
    SLICE_X65Y288        LUT6 (Prop_lut6_I3_O)        0.043    10.655 r  u_dut1/y_out[18]_i_1/O
                         net (fo=1, routed)           0.000    10.655    u_dut1/t2[18]
    SLICE_X65Y288        FDRE                                         r  u_dut1/y_out_reg[18]/D
  -------------------------------------------------------------------    -------------------

                         (clock sys_clk rise edge)    5.000     5.000 r  <hidden>
    H19                                               0.000     5.000 r  SYSCLK_P
                         net (fo=0)                   0.000     5.000    SYSCLK_P
    H19                  IBUFDS (Prop_ibufds_I_O)     0.727     5.727 r  u_ibuf/O
                         net (fo=1, routed)           2.163     7.890    clk_ibuf
    BUFGCTRL_X0Y16       BUFG (Prop_bufg_I_O)         0.083     7.973 r  g_nommcm.u_bufg/O
                         net (fo=3600, routed)        1.110     9.083    u_dut1/clk
    SLICE_X65Y288        FDRE                                         r  u_dut1/y_out_reg[18]/C
                         clock pessimism              0.379     9.462    <hidden>
                         clock uncertainty           -0.035     9.427    <hidden>
    SLICE_X65Y288        FDRE (Setup_fdre_C_D)        0.034     9.461    u_dut1/y_out_reg[18]
  -------------------------------------------------------------------
                         required time                          9.461    <hidden>
                         arrival time                         -10.655    <hidden>
  -------------------------------------------------------------------
                         slack                                 -1.194    <hidden>




