Copyright 1986-2022 Xilinx, Inc. All Rights Reserved. Copyright 2022-2026 Advanced Micro Devices, Inc. All Rights Reserved.
--------------------------------------------------------------------------------------------------------------------------------------------------------------------------------------------------------------------------------------------
| Tool Version : Vivado v.2026.1 (win64) Build 6511674 Tue Jun 16 11:02:23 MDT 2026
| Date         : Tue Sep 29 13:34:25 2026
| Host         : LAPTOP-26AT71B1 running 64-bit major release  (build 9200)
| Command      : report_timing -to [get_cells -hier -filter {NAME =~ u_dut0/* && IS_SEQUENTIAL}] -max_paths 1 -file {C:/Users/Aditya Garg/OneDrive/Documents/btp_repo_claude_code/repo/vc709/eeg/reports/gui_impl_200MHz/timing_u_dut0.rpt}
| Design       : eeg_hil_top
| Device       : 7vx690t-ffg1761
| Speed File   : -2  PRODUCTION 1.11 2014-09-11
| Design State : Routed
--------------------------------------------------------------------------------------------------------------------------------------------------------------------------------------------------------------------------------------------

Timing Report

Slack (VIOLATED) :        -1.497ns  (required time - arrival time)
  Source:                 u_dut0/d_reg[3][0]/C
                            (rising edge-triggered cell FDRE clocked by sys_clk  {rise@0.000ns fall@2.500ns period=5.000ns})
  Destination:            u_dut0/y_out_reg[18]/D
                            (rising edge-triggered cell FDRE clocked by sys_clk  {rise@0.000ns fall@2.500ns period=5.000ns})
  Path Group:             sys_clk
  Path Type:              Setup (Max at Slow Process Corner)
  Requirement:            5.000ns  (sys_clk rise@5.000ns - sys_clk rise@0.000ns)
  Data Path Delay:        6.487ns  (logic 1.267ns (19.530%)  route 5.220ns (80.470%))
  Logic Levels:           15  (CARRY4=2 LUT1=1 LUT2=2 LUT3=1 LUT5=2 LUT6=7)
  Clock Path Skew:        -0.040ns (DCD - SCD + CPR)
    Destination Clock Delay (DCD):    4.104ns = ( 9.104 - 5.000 ) 
    Source Clock Delay      (SCD):    4.516ns
    Clock Pessimism Removal (CPR):    0.372ns
  Clock Uncertainty:      0.035ns  ((TSJ^2 + TIJ^2)^1/2 + DJ) / 2 + PE
    Total System Jitter     (TSJ):    0.071ns
    Total Input Jitter      (TIJ):    0.000ns
    Discrete Jitter          (DJ):    0.000ns
    Phase Error              (PE):    0.000ns

    Location             Delay type                Incr(ns)  Path(ns)    Netlist Resource(s)
  -------------------------------------------------------------------    -------------------
                         (clock sys_clk rise edge)    0.000     0.000 r  <hidden>
    H19                                               0.000     0.000 r  SYSCLK_P
                         net (fo=0)                   0.000     0.000    SYSCLK_P
    H19                  IBUFDS (Prop_ibufds_I_O)     0.823     0.823 r  u_ibuf/O
                         net (fo=1, routed)           2.343     3.166    clk_ibuf
    BUFGCTRL_X0Y16       BUFG (Prop_bufg_I_O)         0.093     3.259 r  g_nommcm.u_bufg/O
                         net (fo=3600, routed)        1.257     4.516    u_dut0/clk
    SLICE_X71Y232        FDRE                                         r  u_dut0/d_reg[3][0]/C
  -------------------------------------------------------------------    -------------------
    SLICE_X71Y232        FDRE (Prop_fdre_C_Q)         0.223     4.739 f  u_dut0/d_reg[3][0]/Q
                         net (fo=38, routed)          0.174     4.913    u_dut0/d_reg_n_0_[3][0]
    SLICE_X70Y232        LUT1 (Prop_lut1_I0_O)        0.043     4.956 r  u_dut0/y_out[12]_i_119/O
                         net (fo=3, routed)           0.286     5.242    u_dut0/y_out[12]_i_119_n_0
    SLICE_X70Y234        CARRY4 (Prop_carry4_CYINIT_CO[3])
                                                      0.297     5.539 r  u_dut0/y_out_reg[12]_i_75/CO[3]
                         net (fo=1, routed)           0.000     5.539    u_dut0/y_out_reg[12]_i_75_n_0
    SLICE_X70Y235        CARRY4 (Prop_carry4_CI_O[0])
                                                      0.108     5.647 r  u_dut0/y_out_reg[12]_i_61/O[0]
                         net (fo=5, routed)           0.469     6.116    u_dut0/M3/booth[0].signed_val0[6]
    SLICE_X71Y230        LUT2 (Prop_lut2_I1_O)        0.123     6.239 r  u_dut0/y_out[12]_i_92/O
                         net (fo=2, routed)           0.438     6.677    u_dut0/M3/A0/p_1_in46_in
    SLICE_X70Y231        LUT6 (Prop_lut6_I5_O)        0.043     6.720 r  u_dut0/y_out[12]_i_73/O
                         net (fo=5, routed)           0.354     7.074    u_dut0/M3/s01[6]
    SLICE_X71Y230        LUT6 (Prop_lut6_I1_O)        0.043     7.117 r  u_dut0/y_out[12]_i_36/O
                         net (fo=4, routed)           0.366     7.483    u_dut0/M3/A2/G[2]_6__1
    SLICE_X67Y230        LUT5 (Prop_lut5_I2_O)        0.043     7.526 r  u_dut0/y_out[17]_i_37/O
                         net (fo=7, routed)           0.484     8.010    u_dut0/y_out[17]_i_37_n_0
    SLICE_X66Y232        LUT5 (Prop_lut5_I0_O)        0.043     8.053 r  u_dut0/y_out[12]_i_11/O
                         net (fo=10, routed)          0.589     8.642    u_dut0/y_out[12]_i_11_n_0
    SLICE_X64Y235        LUT6 (Prop_lut6_I0_O)        0.043     8.685 r  u_dut0/y_out[19]_i_38/O
                         net (fo=6, routed)           0.358     9.043    u_dut0/y_out[19]_i_38_n_0
    SLICE_X64Y237        LUT6 (Prop_lut6_I5_O)        0.043     9.086 f  u_dut0/y_out[18]_i_25/O
                         net (fo=3, routed)           0.338     9.424    u_dut0/y_out[18]_i_25_n_0
    SLICE_X64Y239        LUT3 (Prop_lut3_I0_O)        0.043     9.467 r  u_dut0/y_out[17]_i_13/O
                         net (fo=1, routed)           0.626    10.093    u_dut0/y_out[17]_i_13_n_0
    SLICE_X63Y237        LUT6 (Prop_lut6_I3_O)        0.043    10.136 r  u_dut0/y_out[17]_i_3/O
                         net (fo=5, routed)           0.323    10.459    u_dut0/t4[17]
    SLICE_X61Y237        LUT2 (Prop_lut2_I1_O)        0.043    10.502 r  u_dut0/y_out[18]_i_16/O
                         net (fo=1, routed)           0.252    10.754    u_dut0/y_out[18]_i_16_n_0
    SLICE_X62Y237        LUT6 (Prop_lut6_I5_O)        0.043    10.797 r  u_dut0/y_out[18]_i_4/O
                         net (fo=1, routed)           0.164    10.961    u_dut0/y_out[18]_i_4_n_0
    SLICE_X62Y237        LUT6 (Prop_lut6_I2_O)        0.043    11.004 r  u_dut0/y_out[18]_i_1/O
                         net (fo=1, routed)           0.000    11.004    u_dut0/t6[18]
    SLICE_X62Y237        FDRE                                         r  u_dut0/y_out_reg[18]/D
  -------------------------------------------------------------------    -------------------

                         (clock sys_clk rise edge)    5.000     5.000 r  <hidden>
    H19                                               0.000     5.000 r  SYSCLK_P
                         net (fo=0)                   0.000     5.000    SYSCLK_P
    H19                  IBUFDS (Prop_ibufds_I_O)     0.727     5.727 r  u_ibuf/O
                         net (fo=1, routed)           2.163     7.890    clk_ibuf
    BUFGCTRL_X0Y16       BUFG (Prop_bufg_I_O)         0.083     7.973 r  g_nommcm.u_bufg/O
                         net (fo=3600, routed)        1.131     9.104    u_dut0/clk
    SLICE_X62Y237        FDRE                                         r  u_dut0/y_out_reg[18]/C
                         clock pessimism              0.372     9.476    <hidden>
                         clock uncertainty           -0.035     9.441    <hidden>
    SLICE_X62Y237        FDRE (Setup_fdre_C_D)        0.066     9.507    u_dut0/y_out_reg[18]
  -------------------------------------------------------------------
                         required time                          9.507    <hidden>
                         arrival time                         -11.004    <hidden>
  -------------------------------------------------------------------
                         slack                                 -1.497    <hidden>




